// Jest Snapshot v1, https://goo.gl/fbAQLP

exports[`should render ActionButton as snapshot 1`] = `
<button
  data-testid="clickAction"
  onClick={[MockFunction]}
/>
`;
